/*C18*/SET SCHEMA PUBLIC
drop table USER_DETAILS if exists
SET SCHEMA SYSTEM_LOBS
DELETE FROM LOB_IDS WHERE LOB_ID=1
INSERT INTO LOB_IDS VALUES(1,33,0,40)
COMMIT
SET SCHEMA PUBLIC
create table USER_DETAILS (USER_ID integer not null, address varchar(255), description clob(255), joinedDate date, USER_NAME varchar(255), primary key (USER_ID))
/*C1*/SET SCHEMA SYSTEM_LOBS
INSERT INTO LOB_IDS VALUES(2,33,0,40)
COMMIT
ALTER SEQUENCE SYSTEM_LOBS.LOB_ID RESTART WITH 3
DELETE FROM BLOCKS WHERE BLOCK_ADDR=1
INSERT INTO BLOCKS VALUES(1,1,0)
INSERT INTO BLOCKS VALUES(2,2147483645,0)
DELETE FROM BLOCKS WHERE BLOCK_ADDR=1
INSERT INTO LOBS VALUES(1,1,0,2)
COMMIT
/*C18*/INSERT INTO USER_DETAILS VALUES(1,'First User''s Address',2,'2013-05-07','Ilya')
SET SCHEMA SYSTEM_LOBS
DELETE FROM LOB_IDS WHERE LOB_ID=2
INSERT INTO LOB_IDS VALUES(2,33,1,40)
COMMIT
SET SCHEMA PUBLIC
DISCONNECT
/*C19*/SET SCHEMA PUBLIC
drop table USER_DETAILS if exists
SET SCHEMA SYSTEM_LOBS
DELETE FROM LOB_IDS WHERE LOB_ID=2
INSERT INTO LOB_IDS VALUES(2,33,0,40)
COMMIT
SET SCHEMA PUBLIC
create table USER_DETAILS (USER_ID integer generated by default as identity (start with 1), address varchar(255), description clob(255), joinedDate date, USER_NAME varchar(255), primary key (USER_ID))
/*C1*/INSERT INTO LOB_IDS VALUES(3,33,0,40)
COMMIT
ALTER SEQUENCE SYSTEM_LOBS.LOB_ID RESTART WITH 4
DELETE FROM BLOCKS WHERE BLOCK_ADDR=2
INSERT INTO BLOCKS VALUES(2,1,0)
INSERT INTO BLOCKS VALUES(3,2147483644,0)
DELETE FROM BLOCKS WHERE BLOCK_ADDR=2
INSERT INTO LOBS VALUES(2,1,0,3)
COMMIT
/*C19*/INSERT INTO USER_DETAILS VALUES(1,'First User''s Address',3,'2013-05-07','Ilya')
INSERT INTO USER_DETAILS VALUES(2,NULL,NULL,NULL,'Dima')
SET SCHEMA SYSTEM_LOBS
DELETE FROM LOB_IDS WHERE LOB_ID=3
INSERT INTO LOB_IDS VALUES(3,33,1,40)
COMMIT
SET SCHEMA PUBLIC
DISCONNECT
/*C22*/SET SCHEMA PUBLIC
drop table USER_DETAILS if exists
SET SCHEMA SYSTEM_LOBS
DELETE FROM LOB_IDS WHERE LOB_ID=3
INSERT INTO LOB_IDS VALUES(3,33,0,40)
COMMIT
SET SCHEMA PUBLIC
create table USER_DETAILS (USER_ID integer not null, city varchar(255), pincode varchar(255), state varchar(255), street varchar(255), description clob(255), joinedDate date, USER_NAME varchar(255), primary key (USER_ID))
create sequence hibernate_sequence
/*C1*/INSERT INTO LOB_IDS VALUES(4,33,0,40)
COMMIT
ALTER SEQUENCE SYSTEM_LOBS.LOB_ID RESTART WITH 5
DELETE FROM BLOCKS WHERE BLOCK_ADDR=3
INSERT INTO BLOCKS VALUES(3,1,0)
INSERT INTO BLOCKS VALUES(4,2147483643,0)
DELETE FROM BLOCKS WHERE BLOCK_ADDR=3
INSERT INTO LOBS VALUES(3,1,0,4)
COMMIT
/*C22*/INSERT INTO USER_DETAILS VALUES(1,'City Name','22222',NULL,'Street Name',4,'2013-05-07','Ilya')
INSERT INTO USER_DETAILS VALUES(2,'City Name','22222',NULL,'Street Name',NULL,NULL,'Dima')
SET SCHEMA SYSTEM_LOBS
DELETE FROM LOB_IDS WHERE LOB_ID=4
INSERT INTO LOB_IDS VALUES(4,33,1,40)
COMMIT
SET SCHEMA PUBLIC
ALTER SEQUENCE PUBLIC.HIBERNATE_SEQUENCE RESTART WITH 1
DISCONNECT
/*C23*/SET SCHEMA PUBLIC
drop table USER_DETAILS if exists
SET SCHEMA SYSTEM_LOBS
DELETE FROM LOB_IDS WHERE LOB_ID=4
INSERT INTO LOB_IDS VALUES(4,33,0,40)
COMMIT
SET SCHEMA PUBLIC
drop sequence hibernate_sequence
create table USER_DETAILS (USER_ID integer not null, city varchar(255), pincode varchar(255), state varchar(255), street varchar(255), description clob(255), joinedDate date, USER_NAME varchar(255), primary key (USER_ID))
create sequence hibernate_sequence
/*C1*/INSERT INTO LOB_IDS VALUES(5,33,0,40)
COMMIT
ALTER SEQUENCE SYSTEM_LOBS.LOB_ID RESTART WITH 6
DELETE FROM BLOCKS WHERE BLOCK_ADDR=4
INSERT INTO BLOCKS VALUES(4,1,0)
INSERT INTO BLOCKS VALUES(5,2147483642,0)
DELETE FROM BLOCKS WHERE BLOCK_ADDR=4
INSERT INTO LOBS VALUES(4,1,0,5)
COMMIT
/*C23*/INSERT INTO USER_DETAILS VALUES(1,'City Name','22222',NULL,'Street Name',5,'2013-05-08','Ilya')
INSERT INTO USER_DETAILS VALUES(2,'City Name','22222',NULL,'Street Name',NULL,NULL,'Dima')
SET SCHEMA SYSTEM_LOBS
DELETE FROM LOB_IDS WHERE LOB_ID=5
INSERT INTO LOB_IDS VALUES(5,33,1,40)
COMMIT
SET SCHEMA PUBLIC
ALTER SEQUENCE PUBLIC.HIBERNATE_SEQUENCE RESTART WITH 1
DISCONNECT
/*C24*/SET SCHEMA PUBLIC
drop table USER_DETAILS if exists
SET SCHEMA SYSTEM_LOBS
DELETE FROM LOB_IDS WHERE LOB_ID=5
INSERT INTO LOB_IDS VALUES(5,33,0,40)
COMMIT
SET SCHEMA PUBLIC
drop sequence hibernate_sequence
create table USER_DETAILS (USER_ID integer not null, CITY_NAME varchar(255), pincode varchar(255), state varchar(255), street varchar(255), description clob(255), joinedDate date, USER_NAME varchar(255), primary key (USER_ID))
create sequence hibernate_sequence
/*C1*/INSERT INTO LOB_IDS VALUES(6,33,0,40)
COMMIT
ALTER SEQUENCE SYSTEM_LOBS.LOB_ID RESTART WITH 7
DELETE FROM BLOCKS WHERE BLOCK_ADDR=5
INSERT INTO BLOCKS VALUES(5,1,0)
INSERT INTO BLOCKS VALUES(6,2147483641,0)
DELETE FROM BLOCKS WHERE BLOCK_ADDR=5
INSERT INTO LOBS VALUES(5,1,0,6)
COMMIT
/*C24*/INSERT INTO USER_DETAILS VALUES(1,'City Name','22222',NULL,'Street Name',6,'2013-05-08','Ilya')
INSERT INTO USER_DETAILS VALUES(2,'City Name','22222',NULL,'Street Name',NULL,NULL,'Dima')
SET SCHEMA SYSTEM_LOBS
DELETE FROM LOB_IDS WHERE LOB_ID=6
INSERT INTO LOB_IDS VALUES(6,33,1,40)
COMMIT
SET SCHEMA PUBLIC
ALTER SEQUENCE PUBLIC.HIBERNATE_SEQUENCE RESTART WITH 1
DISCONNECT
/*C25*/SET SCHEMA PUBLIC
DISCONNECT
/*C26*/SET SCHEMA PUBLIC
drop table USER_DETAILS if exists
SET SCHEMA SYSTEM_LOBS
DELETE FROM LOB_IDS WHERE LOB_ID=6
INSERT INTO LOB_IDS VALUES(6,33,0,40)
COMMIT
SET SCHEMA PUBLIC
drop sequence hibernate_sequence
create table USER_DETAILS (USER_ID integer not null, CITY_NAME varchar(255), PIN_CODE varchar(255), STATE_NAME varchar(255), STREET_NAME varchar(255), description clob(255), joinedDate date, USER_NAME varchar(255), primary key (USER_ID))
create sequence hibernate_sequence
/*C1*/INSERT INTO LOB_IDS VALUES(7,33,0,40)
COMMIT
ALTER SEQUENCE SYSTEM_LOBS.LOB_ID RESTART WITH 8
DELETE FROM BLOCKS WHERE BLOCK_ADDR=6
INSERT INTO BLOCKS VALUES(6,1,0)
INSERT INTO BLOCKS VALUES(7,2147483640,0)
DELETE FROM BLOCKS WHERE BLOCK_ADDR=6
INSERT INTO LOBS VALUES(6,1,0,7)
COMMIT
/*C26*/INSERT INTO USER_DETAILS VALUES(1,'City Name','22222',NULL,'Street Name',7,'2013-05-08','Ilya')
INSERT INTO USER_DETAILS VALUES(2,'City Name','22222',NULL,'Street Name',NULL,NULL,'Dima')
SET SCHEMA SYSTEM_LOBS
DELETE FROM LOB_IDS WHERE LOB_ID=7
INSERT INTO LOB_IDS VALUES(7,33,1,40)
COMMIT
SET SCHEMA PUBLIC
ALTER SEQUENCE PUBLIC.HIBERNATE_SEQUENCE RESTART WITH 1
DISCONNECT
/*C27*/SET SCHEMA PUBLIC
drop table USER_DETAILS if exists
SET SCHEMA SYSTEM_LOBS
DELETE FROM LOB_IDS WHERE LOB_ID=7
INSERT INTO LOB_IDS VALUES(7,33,0,40)
COMMIT
SET SCHEMA PUBLIC
drop sequence hibernate_sequence
create table USER_DETAILS (USER_ID integer not null, description clob(255), HOME_CITY_NAME varchar(255), HOME_PINCODE_NAME varchar(255), HOME_STATE_NAME varchar(255), HOME_STREET_NAME varchar(255), joinedDate date, CITY_NAME varchar(255), PIN_CODE varchar(255), STATE_NAME varchar(255), STREET_NAME varchar(255), USER_NAME varchar(255), primary key (USER_ID))
create sequence hibernate_sequence
/*C1*/INSERT INTO LOB_IDS VALUES(8,33,0,40)
COMMIT
ALTER SEQUENCE SYSTEM_LOBS.LOB_ID RESTART WITH 9
DELETE FROM BLOCKS WHERE BLOCK_ADDR=7
INSERT INTO BLOCKS VALUES(7,1,0)
INSERT INTO BLOCKS VALUES(8,2147483639,0)
DELETE FROM BLOCKS WHERE BLOCK_ADDR=7
INSERT INTO LOBS VALUES(7,1,0,8)
COMMIT
/*C27*/INSERT INTO USER_DETAILS VALUES(1,8,'City Name','22222',NULL,'Street Name','2013-05-08','City Name','22222',NULL,'Street Name','Ilya')
INSERT INTO USER_DETAILS VALUES(2,NULL,'City Name','22222',NULL,'Street Name',NULL,'City Name','22222',NULL,'Street Name','Dima')
SET SCHEMA SYSTEM_LOBS
DELETE FROM LOB_IDS WHERE LOB_ID=8
INSERT INTO LOB_IDS VALUES(8,33,1,40)
COMMIT
SET SCHEMA PUBLIC
ALTER SEQUENCE PUBLIC.HIBERNATE_SEQUENCE RESTART WITH 1
DISCONNECT
/*C28*/SET SCHEMA PUBLIC
drop table USER_DETAILS if exists
SET SCHEMA SYSTEM_LOBS
DELETE FROM LOB_IDS WHERE LOB_ID=8
INSERT INTO LOB_IDS VALUES(8,33,0,40)
COMMIT
SET SCHEMA PUBLIC
drop table UserDetails_listOfAddresses if exists
drop sequence hibernate_sequence
create table USER_DETAILS (USER_ID integer not null, description clob(255), HOME_CITY_NAME varchar(255), HOME_PINCODE_NAME varchar(255), HOME_STATE_NAME varchar(255), HOME_STREET_NAME varchar(255), joinedDate date, CITY_NAME varchar(255), PIN_CODE varchar(255), STATE_NAME varchar(255), STREET_NAME varchar(255), USER_NAME varchar(255), primary key (USER_ID))
create table UserDetails_listOfAddresses (UserDetails_USER_ID integer not null, CITY_NAME varchar(255), PIN_CODE varchar(255), STATE_NAME varchar(255), STREET_NAME varchar(255))
alter table UserDetails_listOfAddresses add constraint FKD9057BA5F2CBAC2F foreign key (UserDetails_USER_ID) references USER_DETAILS
create sequence hibernate_sequence
/*C1*/INSERT INTO LOB_IDS VALUES(9,33,0,40)
COMMIT
ALTER SEQUENCE SYSTEM_LOBS.LOB_ID RESTART WITH 10
DELETE FROM BLOCKS WHERE BLOCK_ADDR=8
INSERT INTO BLOCKS VALUES(8,1,0)
INSERT INTO BLOCKS VALUES(9,2147483638,0)
DELETE FROM BLOCKS WHERE BLOCK_ADDR=8
INSERT INTO LOBS VALUES(8,1,0,9)
COMMIT
/*C28*/INSERT INTO USER_DETAILS VALUES(1,9,'City Name','22222',NULL,'Street Name','2013-05-08','City Name','22222',NULL,'Street Name','Ilya')
INSERT INTO USER_DETAILS VALUES(2,NULL,'City Name','22222',NULL,'Street Name',NULL,'City Name','22222',NULL,'Street Name','Dima')
INSERT INTO USERDETAILS_LISTOFADDRESSES VALUES(1,'City Name','22222',NULL,'Street Name')
INSERT INTO USERDETAILS_LISTOFADDRESSES VALUES(1,'City Name2','33333',NULL,'Street Name2')
SET SCHEMA SYSTEM_LOBS
DELETE FROM LOB_IDS WHERE LOB_ID=9
INSERT INTO LOB_IDS VALUES(9,33,1,40)
COMMIT
SET SCHEMA PUBLIC
ALTER SEQUENCE PUBLIC.HIBERNATE_SEQUENCE RESTART WITH 1
DISCONNECT
/*C20*/SET SCHEMA PUBLIC
DISCONNECT
/*C21*/SET SCHEMA PUBLIC
DISCONNECT
